2026-05-06 turns=91/92 phases=am am_orders=100 am_volume=20922 pm=skipped_or_loaded
log_dir=/Users/leeyujeong/2026_AICP_ver3.0/2026_AICP_ver3.0/outputs/experiments/ADVISOR_MAIN_CONT_OFF_20260925
  community_phase done: 70 agents, 5 best posts
2026-05-06 turns=91/92 phases=pm,community am=skipped pm_orders=100 pm_volume=12064
log_dir=/Users/leeyujeong/2026_AICP_ver3.0/2026_AICP_ver3.0/outputs/experiments/ADVISOR_MAIN_CONT_OFF_20260925
2026-05-07 turns=93/94 phases=am am_orders=100 am_volume=22405 pm=skipped_or_loaded
log_dir=/Users/leeyujeong/2026_AICP_ver3.0/2026_AICP_ver3.0/outputs/experiments/ADVISOR_MAIN_CONT_OFF_20260925
  community_phase done: 70 agents, 5 best posts
2026-05-07 turns=93/94 phases=pm,community am=skipped pm_orders=100 pm_volume=26899
log_dir=/Users/leeyujeong/2026_AICP_ver3.0/2026_AICP_ver3.0/outputs/experiments/ADVISOR_MAIN_CONT_OFF_20260925
2026-05-08 turns=95/96 phases=am am_orders=100 am_volume=33163 pm=skipped_or_loaded
log_dir=/Users/leeyujeong/2026_AICP_ver3.0/2026_AICP_ver3.0/outputs/experiments/ADVISOR_MAIN_CONT_OFF_20260925
  community_phase done: 70 agents, 5 best posts
2026-05-08 turns=95/96 phases=pm,community am=skipped pm_orders=100 pm_volume=26820
log_dir=/Users/leeyujeong/2026_AICP_ver3.0/2026_AICP_ver3.0/outputs/experiments/ADVISOR_MAIN_CONT_OFF_20260925
2026-05-11 turns=97/98 phases=am am_orders=100 am_volume=37565 pm=skipped_or_loaded
log_dir=/Users/leeyujeong/2026_AICP_ver3.0/2026_AICP_ver3.0/outputs/experiments/ADVISOR_MAIN_CONT_OFF_20260925
  community_phase done: 70 agents, 5 best posts
2026-05-11 turns=97/98 phases=pm,community am=skipped pm_orders=100 pm_volume=27690
log_dir=/Users/leeyujeong/2026_AICP_ver3.0/2026_AICP_ver3.0/outputs/experiments/ADVISOR_MAIN_CONT_OFF_20260925
2026-05-12 turns=99/100 phases=am am_orders=100 am_volume=24371 pm=skipped_or_loaded
log_dir=/Users/leeyujeong/2026_AICP_ver3.0/2026_AICP_ver3.0/outputs/experiments/ADVISOR_MAIN_CONT_OFF_20260925
  community_phase done: 70 agents, 5 best posts
2026-05-12 turns=99/100 phases=pm,community am=skipped pm_orders=100 pm_volume=22740
log_dir=/Users/leeyujeong/2026_AICP_ver3.0/2026_AICP_ver3.0/outputs/experiments/ADVISOR_MAIN_CONT_OFF_20260925
2026-05-13 turns=101/102 phases=am am_orders=100 am_volume=28930 pm=skipped_or_loaded
log_dir=/Users/leeyujeong/2026_AICP_ver3.0/2026_AICP_ver3.0/outputs/experiments/ADVISOR_MAIN_CONT_OFF_20260925
  community_phase done: 70 agents, 5 best posts
2026-05-13 turns=101/102 phases=pm,community am=skipped pm_orders=100 pm_volume=24450
log_dir=/Users/leeyujeong/2026_AICP_ver3.0/2026_AICP_ver3.0/outputs/experiments/ADVISOR_MAIN_CONT_OFF_20260925
2026-05-14 turns=103/104 phases=am am_orders=100 am_volume=24131 pm=skipped_or_loaded
log_dir=/Users/leeyujeong/2026_AICP_ver3.0/2026_AICP_ver3.0/outputs/experiments/ADVISOR_MAIN_CONT_OFF_20260925
  community_phase done: 70 agents, 5 best posts
2026-05-14 turns=103/104 phases=pm,community am=skipped pm_orders=100 pm_volume=33870
log_dir=/Users/leeyujeong/2026_AICP_ver3.0/2026_AICP_ver3.0/outputs/experiments/ADVISOR_MAIN_CONT_OFF_20260925
2026-05-15 turns=105/106 phases=am am_orders=100 am_volume=25417 pm=skipped_or_loaded
log_dir=/Users/leeyujeong/2026_AICP_ver3.0/2026_AICP_ver3.0/outputs/experiments/ADVISOR_MAIN_CONT_OFF_20260925
  community_phase done: 70 agents, 5 best posts
2026-05-15 turns=105/106 phases=pm,community am=skipped pm_orders=100 pm_volume=26898
log_dir=/Users/leeyujeong/2026_AICP_ver3.0/2026_AICP_ver3.0/outputs/experiments/ADVISOR_MAIN_CONT_OFF_20260925
2026-05-18 turns=107/108 phases=am am_orders=100 am_volume=24393 pm=skipped_or_loaded
log_dir=/Users/leeyujeong/2026_AICP_ver3.0/2026_AICP_ver3.0/outputs/experiments/ADVISOR_MAIN_CONT_OFF_20260925
  community_phase done: 70 agents, 5 best posts
2026-05-18 turns=107/108 phases=pm,community am=skipped pm_orders=100 pm_volume=40326
log_dir=/Users/leeyujeong/2026_AICP_ver3.0/2026_AICP_ver3.0/outputs/experiments/ADVISOR_MAIN_CONT_OFF_20260925
2026-05-19 turns=109/110 phases=am am_orders=100 am_volume=31296 pm=skipped_or_loaded
log_dir=/Users/leeyujeong/2026_AICP_ver3.0/2026_AICP_ver3.0/outputs/experiments/ADVISOR_MAIN_CONT_OFF_20260925
  community_phase done: 70 agents, 5 best posts
2026-05-19 turns=109/110 phases=pm,community am=skipped pm_orders=100 pm_volume=25986
log_dir=/Users/leeyujeong/2026_AICP_ver3.0/2026_AICP_ver3.0/outputs/experiments/ADVISOR_MAIN_CONT_OFF_20260925
2026-05-20 turns=111/112 phases=am am_orders=100 am_volume=21496 pm=skipped_or_loaded
log_dir=/Users/leeyujeong/2026_AICP_ver3.0/2026_AICP_ver3.0/outputs/experiments/ADVISOR_MAIN_CONT_OFF_20260925
  community_phase done: 70 agents, 5 best posts
2026-05-20 turns=111/112 phases=pm,community am=skipped pm_orders=100 pm_volume=30973
log_dir=/Users/leeyujeong/2026_AICP_ver3.0/2026_AICP_ver3.0/outputs/experiments/ADVISOR_MAIN_CONT_OFF_20260925
2026-05-21 turns=113/114 phases=am am_orders=100 am_volume=20885 pm=skipped_or_loaded
log_dir=/Users/leeyujeong/2026_AICP_ver3.0/2026_AICP_ver3.0/outputs/experiments/ADVISOR_MAIN_CONT_OFF_20260925
  community_phase done: 70 agents, 5 best posts
2026-05-21 turns=113/114 phases=pm,community am=skipped pm_orders=100 pm_volume=20856
log_dir=/Users/leeyujeong/2026_AICP_ver3.0/2026_AICP_ver3.0/outputs/experiments/ADVISOR_MAIN_CONT_OFF_20260925
2026-05-22 turns=115/116 phases=am am_orders=100 am_volume=16343 pm=skipped_or_loaded
log_dir=/Users/leeyujeong/2026_AICP_ver3.0/2026_AICP_ver3.0/outputs/experiments/ADVISOR_MAIN_CONT_OFF_20260925
  community_phase done: 70 agents, 5 best posts
2026-05-22 turns=115/116 phases=pm,community am=skipped pm_orders=100 pm_volume=17538
log_dir=/Users/leeyujeong/2026_AICP_ver3.0/2026_AICP_ver3.0/outputs/experiments/ADVISOR_MAIN_CONT_OFF_20260925
2026-05-26 turns=117/118 phases=am am_orders=100 am_volume=19540 pm=skipped_or_loaded
log_dir=/Users/leeyujeong/2026_AICP_ver3.0/2026_AICP_ver3.0/outputs/experiments/ADVISOR_MAIN_CONT_OFF_20260925
  community_phase done: 70 agents, 5 best posts
2026-05-26 turns=117/118 phases=pm,community am=skipped pm_orders=100 pm_volume=18069
log_dir=/Users/leeyujeong/2026_AICP_ver3.0/2026_AICP_ver3.0/outputs/experiments/ADVISOR_MAIN_CONT_OFF_20260925
2026-05-27 turns=119/120 phases=am am_orders=100 am_volume=15924 pm=skipped_or_loaded
log_dir=/Users/leeyujeong/2026_AICP_ver3.0/2026_AICP_ver3.0/outputs/experiments/ADVISOR_MAIN_CONT_OFF_20260925
  community_phase done: 70 agents, 5 best posts
2026-05-27 turns=119/120 phases=pm,community am=skipped pm_orders=100 pm_volume=23065
log_dir=/Users/leeyujeong/2026_AICP_ver3.0/2026_AICP_ver3.0/outputs/experiments/ADVISOR_MAIN_CONT_OFF_20260925
2026-05-28 turns=121/122 phases=am am_orders=100 am_volume=21540 pm=skipped_or_loaded
log_dir=/Users/leeyujeong/2026_AICP_ver3.0/2026_AICP_ver3.0/outputs/experiments/ADVISOR_MAIN_CONT_OFF_20260925
  community_phase done: 70 agents, 5 best posts
2026-05-28 turns=121/122 phases=pm,community am=skipped pm_orders=100 pm_volume=26905
log_dir=/Users/leeyujeong/2026_AICP_ver3.0/2026_AICP_ver3.0/outputs/experiments/ADVISOR_MAIN_CONT_OFF_20260925
2026-05-29 turns=123/124 phases=am am_orders=100 am_volume=28662 pm=skipped_or_loaded
log_dir=/Users/leeyujeong/2026_AICP_ver3.0/2026_AICP_ver3.0/outputs/experiments/ADVISOR_MAIN_CONT_OFF_20260925
  community_phase done: 70 agents, 5 best posts
2026-05-29 turns=123/124 phases=pm,community am=skipped pm_orders=100 pm_volume=21041
log_dir=/Users/leeyujeong/2026_AICP_ver3.0/2026_AICP_ver3.0/outputs/experiments/ADVISOR_MAIN_CONT_OFF_20260925
2026-06-01 turns=125/126 phases=am am_orders=100 am_volume=14158 pm=skipped_or_loaded
log_dir=/Users/leeyujeong/2026_AICP_ver3.0/2026_AICP_ver3.0/outputs/experiments/ADVISOR_MAIN_CONT_OFF_20260925
  community_phase done: 70 agents, 5 best posts
2026-06-01 turns=125/126 phases=pm,community am=skipped pm_orders=100 pm_volume=18990
log_dir=/Users/leeyujeong/2026_AICP_ver3.0/2026_AICP_ver3.0/outputs/experiments/ADVISOR_MAIN_CONT_OFF_20260925
2026-06-02 turns=127/128 phases=am am_orders=100 am_volume=22875 pm=skipped_or_loaded
log_dir=/Users/leeyujeong/2026_AICP_ver3.0/2026_AICP_ver3.0/outputs/experiments/ADVISOR_MAIN_CONT_OFF_20260925
  community_phase done: 70 agents, 5 best posts
2026-06-02 turns=127/128 phases=pm,community am=skipped pm_orders=100 pm_volume=24991
log_dir=/Users/leeyujeong/2026_AICP_ver3.0/2026_AICP_ver3.0/outputs/experiments/ADVISOR_MAIN_CONT_OFF_20260925
2026-06-04 turns=129/130 phases=am am_orders=100 am_volume=19846 pm=skipped_or_loaded
log_dir=/Users/leeyujeong/2026_AICP_ver3.0/2026_AICP_ver3.0/outputs/experiments/ADVISOR_MAIN_CONT_OFF_20260925
  community_phase done: 70 agents, 5 best posts
2026-06-04 turns=129/130 phases=pm,community am=skipped pm_orders=100 pm_volume=15018
log_dir=/Users/leeyujeong/2026_AICP_ver3.0/2026_AICP_ver3.0/outputs/experiments/ADVISOR_MAIN_CONT_OFF_20260925
2026-06-05 turns=131/132 phases=am am_orders=100 am_volume=15692 pm=skipped_or_loaded
log_dir=/Users/leeyujeong/2026_AICP_ver3.0/2026_AICP_ver3.0/outputs/experiments/ADVISOR_MAIN_CONT_OFF_20260925
  community_phase done: 70 agents, 5 best posts
2026-06-05 turns=131/132 phases=pm,community am=skipped pm_orders=100 pm_volume=13996
log_dir=/Users/leeyujeong/2026_AICP_ver3.0/2026_AICP_ver3.0/outputs/experiments/ADVISOR_MAIN_CONT_OFF_20260925
Traceback (most recent call last):
  File "/Users/leeyujeong/2026_AICP_ver3.0/2026_AICP_ver3.0/twinmarket_kr/simulation.py", line 512, in guarded_turn
    return await run_agent_turn(
           ^^^^^^^^^^^^^^^^^^^^^
  File "/Users/leeyujeong/2026_AICP_ver3.0/2026_AICP_ver3.0/twinmarket_kr/core/daily_cycle.py", line 271, in run_agent_turn
    community_reflection = await community_thinking(
                           ^^^^^^^^^^^^^^^^^^^^^^^^^
  File "/Users/leeyujeong/2026_AICP_ver3.0/2026_AICP_ver3.0/twinmarket_kr/community/thinking.py", line 226, in community_thinking
    raise CommunityValidationError(
twinmarket_kr.community.validation.CommunityValidationError: community thinking did not satisfy the structured claim contract after 10 attempts

The above exception was the direct cause of the following exception:

Traceback (most recent call last):
  File "/Users/leeyujeong/2026_AICP_ver3.0/2026_AICP_ver3.0/scripts/05_run_simulation.py", line 1166, in <module>
    main()
  File "/Users/leeyujeong/2026_AICP_ver3.0/2026_AICP_ver3.0/scripts/05_run_simulation.py", line 1161, in main
    run_dir = asyncio.run(_run(args))
              ^^^^^^^^^^^^^^^^^^^^^^^
  File "/opt/homebrew/Cellar/python@3.12/3.12.13_4/Frameworks/Python.framework/Versions/3.12/lib/python3.12/asyncio/runners.py", line 195, in run
    return runner.run(main)
           ^^^^^^^^^^^^^^^^
  File "/opt/homebrew/Cellar/python@3.12/3.12.13_4/Frameworks/Python.framework/Versions/3.12/lib/python3.12/asyncio/runners.py", line 118, in run
    return self._loop.run_until_complete(task)
           ^^^^^^^^^^^^^^^^^^^^^^^^^^^^^^^^^^^
  File "/opt/homebrew/Cellar/python@3.12/3.12.13_4/Frameworks/Python.framework/Versions/3.12/lib/python3.12/asyncio/base_events.py", line 691, in run_until_complete
    return future.result()
           ^^^^^^^^^^^^^^^
  File "/Users/leeyujeong/2026_AICP_ver3.0/2026_AICP_ver3.0/scripts/05_run_simulation.py", line 1064, in _run
    raise terminal_error
  File "/Users/leeyujeong/2026_AICP_ver3.0/2026_AICP_ver3.0/scripts/05_run_simulation.py", line 952, in _run
    last_phase_result = await run_simulation(
                        ^^^^^^^^^^^^^^^^^^^^^
  File "/Users/leeyujeong/2026_AICP_ver3.0/2026_AICP_ver3.0/twinmarket_kr/simulation.py", line 136, in wrapped
    return await function(*args, **kwargs)
           ^^^^^^^^^^^^^^^^^^^^^^^^^^^^^^^
  File "/Users/leeyujeong/2026_AICP_ver3.0/2026_AICP_ver3.0/twinmarket_kr/simulation.py", line 574, in run_simulation
    am_results = await _run_subturn(
                 ^^^^^^^^^^^^^^^^^^^
  File "/Users/leeyujeong/2026_AICP_ver3.0/2026_AICP_ver3.0/twinmarket_kr/simulation.py", line 956, in _run_subturn
    raise ParallelTaskError(
twinmarket_kr.experiment_runtime.ParallelTaskError: 1 agent turn(s) failed after all parallel tasks settled: CommunityValidationError: community thinking did not satisfy the structured claim contract after 10 attempts
